
> barber@0.1.0 build
> next build

Ôû▓ Next.js 16.1.4 (Turbopack)
- Environments: .env.local

node.exe : ÔÜá The 
"middleware" file 
convention is 
deprecated. Please 
use "proxy" instead. 
Learn more: https://n
extjs.org/docs/messag
es/middleware-to-prox
y
At C:\Program Files\n
odejs\npm.ps1:29 
char:3
+   & $NODE_EXE 
$NPM_CLI_JS $args
+   ~~~~~~~~~~~~~~~~~
~~~~~~~~~~~~
    + CategoryInfo   
           : NotSpe  
  cified: (ÔÜá The   
  "middle...lewar    
e-to-proxy:Strin    
g) [], RemoteExc    
eption
    + FullyQualified 
   ErrorId : Native  
  CommandError
 
  Creating an optimized production build ...

> Build error 
occurred
Error: Turbopack 
build failed with 11 
errors:
./src/components/ui/b
adge.tsx:5:1
Module not found: 
Can't resolve 
'@/lib/utils'
[0m [90m 3 |[39m 
[36mimport[39m { 
cva[33m,[39m type 
[33mVariantProps[39m
 } [36mfrom[39m [3
2m"class-variance-aut
hority"[39m
 [90m 4 |[39m
[31m[1m>[22m[39m
[90m 5 |[39m 
[36mimport[39m { 
cn } [36mfrom[39m 
[32m"@/lib/utils"[39
m
 [90m   |[39m [31m
[1m^[22m[39m[31m
[1m^[22m[39m[31m[
1m^[22m[39m[31m[1
m^[22m[39m[31m[1m
^[22m[39m[31m[1m^
[22m[39m[31m[1m^
[22m[39m[31m[1m^[
22m[39m[31m[1m^[2
2m[39m[31m[1m^[22
m[39m[31m[1m^[22m
[39m[31m[1m^[22m
[39m[31m[1m^[22m[
39m[31m[1m^[22m[3
9m[31m[1m^[22m[39
m[31m[1m^[22m[39m
[31m[1m^[22m[39m
[31m[1m^[22m[39m[
31m[1m^[22m[39m[3
1m[1m^[22m[39m[31
m[1m^[22m[39m[31m
[1m^[22m[39m[31m
[1m^[22m[39m[31m[
1m^[22m[39m[31m[1
m^[22m[39m[31m[1m
^[22m[39m[31m[1m^
[22m[39m[31m[1m^
[22m[39m[31m[1m^[
22m[39m[31m[1m^[2
2m[39m[31m[1m^[22
m[39m[31m[1m^[22m
[39m
 [90m 6 |[39m
 [90m 7 |[39m 
[36mconst[39m 
badgeVariants 
[33m=[39m cva(
 [90m 8 |[39m   
[32m"inline-flex 
items-center 
justify-center 
rounded-full border 
border-transparent 
px-2 py-0.5 text-xs 
font-medium w-fit 
whitespace-nowrap 
shrink-0 
[&>svg]:size-3 gap-1 
[&>svg]:pointer-event
s-none focus-visible:
border-ring focus-vis
ible:ring-ring/50 foc
us-visible:ring-[3px]
 aria-invalid:ring-de
structive/20 dark:ari
a-invalid:ring-destru
ctive/40 aria-invalid
:border-destructive t
ransition-[color,box-
shadow] overflow-hidd
en"[39m[33m,[39m[
0m

Import map: aliased 
to relative 
'./src/lib/utils' 
inside of [project]/


Import traces:
  Client Component 
Browser:
    ./src/components/
ui/badge.tsx [Client 
Component Browser]
    ./src/app/barber/
bookings/page.tsx 
[Client Component 
Browser]
    ./src/app/barber/
bookings/page.tsx 
[Server Component]

  Client Component 
SSR:
    ./src/components/
ui/badge.tsx [Client 
Component SSR]
    ./src/app/barber/
bookings/page.tsx 
[Client Component 
SSR]
    ./src/app/barber/
bookings/page.tsx 
[Server Component]

https://nextjs.org/do
cs/messages/module-no
t-found


./src/components/ui/b
utton.tsx:5:1
Module not found: 
Can't resolve 
'@/lib/utils'
[0m [90m 3 |[39m 
[36mimport[39m { 
cva[33m,[39m type 
[33mVariantProps[39m
 } [36mfrom[39m [3
2m"class-variance-aut
hority"[39m
 [90m 4 |[39m
[31m[1m>[22m[39m
[90m 5 |[39m 
[36mimport[39m { 
cn } [36mfrom[39m 
[32m"@/lib/utils"[39
m
 [90m   |[39m [31m
[1m^[22m[39m[31m
[1m^[22m[39m[31m[
1m^[22m[39m[31m[1
m^[22m[39m[31m[1m
^[22m[39m[31m[1m^
[22m[39m[31m[1m^
[22m[39m[31m[1m^[
22m[39m[31m[1m^[2
2m[39m[31m[1m^[22
m[39m[31m[1m^[22m
[39m[31m[1m^[22m
[39m[31m[1m^[22m[
39m[31m[1m^[22m[3
9m[31m[1m^[22m[39
m[31m[1m^[22m[39m
[31m[1m^[22m[39m
[31m[1m^[22m[39m[
31m[1m^[22m[39m[3
1m[1m^[22m[39m[31
m[1m^[22m[39m[31m
[1m^[22m[39m[31m
[1m^[22m[39m[31m[
1m^[22m[39m[31m[1
m^[22m[39m[31m[1m
^[22m[39m[31m[1m^
[22m[39m[31m[1m^
[22m[39m[31m[1m^[
22m[39m[31m[1m^[2
2m[39m[31m[1m^[22
m[39m[31m[1m^[22m
[39m
 [90m 6 |[39m
 [90m 7 |[39m 
[36mconst[39m 
buttonVariants 
[33m=[39m cva(
 [90m 8 |[39m   
[32m"inline-flex 
items-center 
justify-center gap-2 
whitespace-nowrap 
rounded-md text-sm 
font-medium 
transition-all disabl
ed:pointer-events-non
e 
disabled:opacity-50 [
&_svg]:pointer-events
-none [&_svg:not([cla
ss*='size-'])]:size-4
 shrink-0 
[&_svg]:shrink-0 
outline-none focus-vi
sible:border-ring foc
us-visible:ring-ring/
50 focus-visible:ring
-[3px] aria-invalid:r
ing-destructive/20 da
rk:aria-invalid:ring-
destructive/40 aria-i
nvalid:border-destruc
tive"[39m[33m,[39m
[0m

Import map: aliased 
to relative 
'./src/lib/utils' 
inside of [project]/


Import traces:
  Client Component 
Browser:
    ./src/components/
ui/button.tsx 
[Client Component 
Browser]
    ./src/components/
notifications/notific
ations-dropdown.tsx 
[Client Component 
Browser]
    ./src/components/
layout/dashboard-layo
ut.tsx [Client 
Component Browser]
    ./src/app/admin/b
ookings/page.tsx 
[Client Component 
Browser]
    ./src/app/admin/b
ookings/page.tsx 
[Server Component]

  Client Component 
SSR:
    ./src/components/
ui/button.tsx 
[Client Component 
SSR]
    ./src/components/
notifications/notific
ations-dropdown.tsx 
[Client Component 
SSR]
    ./src/components/
layout/dashboard-layo
ut.tsx [Client 
Component SSR]
    ./src/app/admin/b
ookings/page.tsx 
[Client Component 
SSR]
    ./src/app/admin/b
ookings/page.tsx 
[Server Component]

https://nextjs.org/do
cs/messages/module-no
t-found


./src/components/ui/c
alendar.tsx:15:1
Module not found: 
Can't resolve 
'@/lib/utils'
[0m [90m 13 |[39m 
} [36mfrom[39m [32
m"react-day-picker"[
39m
 [90m 14 |[39m
[31m[1m>[22m[39m
[90m 15 |[39m 
[36mimport[39m { 
cn } [36mfrom[39m 
[32m"@/lib/utils"[39
m
 [90m    |[39m [31
m[1m^[22m[39m[31m
[1m^[22m[39m[31m
[1m^[22m[39m[31m[
1m^[22m[39m[31m[1
m^[22m[39m[31m[1m
^[22m[39m[31m[1m^
[22m[39m[31m[1m^
[22m[39m[31m[1m^[
22m[39m[31m[1m^[2
2m[39m[31m[1m^[22
m[39m[31m[1m^[22m
[39m[31m[1m^[22m
[39m[31m[1m^[22m[
39m[31m[1m^[22m[3
9m[31m[1m^[22m[39
m[31m[1m^[22m[39m
[31m[1m^[22m[39m
[31m[1m^[22m[39m[
31m[1m^[22m[39m[3
1m[1m^[22m[39m[31
m[1m^[22m[39m[31m
[1m^[22m[39m[31m
[1m^[22m[39m[31m[
1m^[22m[39m[31m[1
m^[22m[39m[31m[1m
^[22m[39m[31m[1m^
[22m[39m[31m[1m^
[22m[39m[31m[1m^[
22m[39m[31m[1m^[2
2m[39m[31m[1m^[22
m[39m
 [90m 16 |[39m 
[36mimport[39m { [
33mButton[39m[33m,
[39m buttonVariants 
} [36mfrom[39m [32
m"@/components/ui/but
ton"[39m
 [90m 17 |[39m
 [90m 18 |[39m 
[36mfunction[39m [
33mCalendar[39m({[0
m

Import map: aliased 
to relative 
'./src/lib/utils' 
inside of [project]/


Import traces:
  Client Component 
Browser:
    ./src/components/
ui/calendar.tsx 
[Client Component 
Browser]
    ./src/app/booking
/[serviceId]/page.tsx
 [Client Component 
Browser]
    ./src/app/booking
/[serviceId]/page.tsx
 [Server Component]

  Client Component 
SSR:
    ./src/components/
ui/calendar.tsx 
[Client Component 
SSR]
    ./src/app/booking
/[serviceId]/page.tsx
 [Client Component 
SSR]
    ./src/app/booking
/[serviceId]/page.tsx
 [Server Component]

https://nextjs.org/do
cs/messages/module-no
t-found


./src/components/ui/c
ard.tsx:3:1
Module not found: 
Can't resolve 
'@/lib/utils'
[0m [90m 1 |[39m 
[36mimport[39m 
[33m*[39m 
[36mas[39m 
[33mReact[39m 
[36mfrom[39m 
[32m"react"[39m
 [90m 2 |[39m
[31m[1m>[22m[39m
[90m 3 |[39m 
[36mimport[39m { 
cn } [36mfrom[39m 
[32m"@/lib/utils"[39
m
 [90m   |[39m [31m
[1m^[22m[39m[31m
[1m^[22m[39m[31m[
1m^[22m[39m[31m[1
m^[22m[39m[31m[1m
^[22m[39m[31m[1m^
[22m[39m[31m[1m^
[22m[39m[31m[1m^[
22m[39m[31m[1m^[2
2m[39m[31m[1m^[22
m[39m[31m[1m^[22m
[39m[31m[1m^[22m
[39m[31m[1m^[22m[
39m[31m[1m^[22m[3
9m[31m[1m^[22m[39
m[31m[1m^[22m[39m
[31m[1m^[22m[39m
[31m[1m^[22m[39m[
31m[1m^[22m[39m[3
1m[1m^[22m[39m[31
m[1m^[22m[39m[31m
[1m^[22m[39m[31m
[1m^[22m[39m[31m[
1m^[22m[39m[31m[1
m^[22m[39m[31m[1m
^[22m[39m[31m[1m^
[22m[39m[31m[1m^
[22m[39m[31m[1m^[
22m[39m[31m[1m^[2
2m[39m[31m[1m^[22
m[39m[31m[1m^[22m
[39m
 [90m 4 |[39m
 [90m 5 |[39m 
[36mfunction[39m 
[33mCard[39m({ 
className[33m,[39m 
[33m...[39mprops 
}[33m:[39m [33mRea
ct[39m[33m.[39m[3
3mComponentProps[39m
[33m<[39m[32m"div"
[39m[33m>[39m) {
 [90m 6 |[39m   
[36mreturn[39m 
([0m

Import map: aliased 
to relative 
'./src/lib/utils' 
inside of [project]/


Import traces:
  Client Component 
Browser:
    ./src/components/
ui/card.tsx [Client 
Component Browser]
    ./src/app/client/
dashboard/bookings/pa
ge.tsx [Client 
Component Browser]
    ./src/app/client/
dashboard/bookings/pa
ge.tsx [Server 
Component]

  Client Component 
SSR:
    ./src/components/
ui/card.tsx [Client 
Component SSR]
    ./src/app/client/
dashboard/bookings/pa
ge.tsx [Client 
Component SSR]
    ./src/app/client/
dashboard/bookings/pa
ge.tsx [Server 
Component]

https://nextjs.org/do
cs/messages/module-no
t-found


./src/components/ui/d
ialog.tsx:7:1
Module not found: 
Can't resolve 
'@/lib/utils'
[0m [90m  5 |[39m 
[36mimport[39m { 
[33mXIcon[39m } 
[36mfrom[39m [32m"
lucide-react"[39m
 [90m  6 |[39m
[31m[1m>[22m[39m
[90m  7 |[39m 
[36mimport[39m { 
cn } [36mfrom[39m 
[32m"@/lib/utils"[39
m
 [90m    |[39m [31
m[1m^[22m[39m[31m
[1m^[22m[39m[31m
[1m^[22m[39m[31m[
1m^[22m[39m[31m[1
m^[22m[39m[31m[1m
^[22m[39m[31m[1m^
[22m[39m[31m[1m^
[22m[39m[31m[1m^[
22m[39m[31m[1m^[2
2m[39m[31m[1m^[22
m[39m[31m[1m^[22m
[39m[31m[1m^[22m
[39m[31m[1m^[22m[
39m[31m[1m^[22m[3
9m[31m[1m^[22m[39
m[31m[1m^[22m[39m
[31m[1m^[22m[39m
[31m[1m^[22m[39m[
31m[1m^[22m[39m[3
1m[1m^[22m[39m[31
m[1m^[22m[39m[31m
[1m^[22m[39m[31m
[1m^[22m[39m[31m[
1m^[22m[39m[31m[1
m^[22m[39m[31m[1m
^[22m[39m[31m[1m^
[22m[39m[31m[1m^
[22m[39m[31m[1m^[
22m[39m[31m[1m^[2
2m[39m[31m[1m^[22
m[39m
 [90m  8 |[39m 
[36mimport[39m { 
[33mButton[39m } 
[36mfrom[39m [32m"
@/components/ui/butto
n"[39m
 [90m  9 |[39m
 [90m 10 |[39m 
[36mfunction[39m [
33mDialog[39m({[0m

Import map: aliased 
to relative 
'./src/lib/utils' 
inside of [project]/


Import traces:
  Client Component 
Browser:
    ./src/components/
ui/dialog.tsx 
[Client Component 
Browser]
    ./src/app/admin/c
ategories/page.tsx 
[Client Component 
Browser]
    ./src/app/admin/c
ategories/page.tsx 
[Server Component]

  Client Component 
SSR:
    ./src/components/
ui/dialog.tsx 
[Client Component 
SSR]
    ./src/app/admin/c
ategories/page.tsx 
[Client Component 
SSR]
    ./src/app/admin/c
ategories/page.tsx 
[Server Component]

https://nextjs.org/do
cs/messages/module-no
t-found


./src/components/ui/d
ropdown-menu.tsx:7:1
Module not found: 
Can't resolve 
'@/lib/utils'
[0m [90m  5 |[39m 
[36mimport[39m { [
33mCheckIcon[39m[33
m,[39m [33mChevronR
ightIcon[39m[33m,[
39m 
[33mCircleIcon[39m 
} [36mfrom[39m [32
m"lucide-react"[39m
 [90m  6 |[39m
[31m[1m>[22m[39m
[90m  7 |[39m 
[36mimport[39m { 
cn } [36mfrom[39m 
[32m"@/lib/utils"[39
m
 [90m    |[39m [31
m[1m^[22m[39m[31m
[1m^[22m[39m[31m
[1m^[22m[39m[31m[
1m^[22m[39m[31m[1
m^[22m[39m[31m[1m
^[22m[39m[31m[1m^
[22m[39m[31m[1m^
[22m[39m[31m[1m^[
22m[39m[31m[1m^[2
2m[39m[31m[1m^[22
m[39m[31m[1m^[22m
[39m[31m[1m^[22m
[39m[31m[1m^[22m[
39m[31m[1m^[22m[3
9m[31m[1m^[22m[39
m[31m[1m^[22m[39m
[31m[1m^[22m[39m
[31m[1m^[22m[39m[
31m[1m^[22m[39m[3
1m[1m^[22m[39m[31
m[1m^[22m[39m[31m
[1m^[22m[39m[31m
[1m^[22m[39m[31m[
1m^[22m[39m[31m[1
m^[22m[39m[31m[1m
^[22m[39m[31m[1m^
[22m[39m[31m[1m^
[22m[39m[31m[1m^[
22m[39m[31m[1m^[2
2m[39m[31m[1m^[22
m[39m
 [90m  8 |[39m
 [90m  9 |[39m 
[36mfunction[39m [
33mDropdownMenu[39m(
{
 [90m 10 |[39m   [
33m...[39mprops[0m

Import map: aliased 
to relative 
'./src/lib/utils' 
inside of [project]/


Import traces:
  Client Component 
Browser:
    ./src/components/
ui/dropdown-menu.tsx 
[Client Component 
Browser]
    ./src/components/
notifications/notific
ations-dropdown.tsx 
[Client Component 
Browser]
    ./src/components/
layout/dashboard-layo
ut.tsx [Client 
Component Browser]
    ./src/app/admin/p
age.tsx [Client 
Component Browser]
    ./src/app/admin/p
age.tsx [Server 
Component]

  Client Component 
SSR:
    ./src/components/
ui/dropdown-menu.tsx 
[Client Component 
SSR]
    ./src/components/
notifications/notific
ations-dropdown.tsx 
[Client Component 
SSR]
    ./src/components/
layout/dashboard-layo
ut.tsx [Client 
Component SSR]
    ./src/app/admin/p
age.tsx [Client 
Component SSR]
    ./src/app/admin/p
age.tsx [Server 
Component]

https://nextjs.org/do
cs/messages/module-no
t-found


./src/components/ui/i
nput.tsx:3:1
Module not found: 
Can't resolve 
'@/lib/utils'
[0m [90m 1 |[39m 
[36mimport[39m 
[33m*[39m 
[36mas[39m 
[33mReact[39m 
[36mfrom[39m 
[32m"react"[39m
 [90m 2 |[39m
[31m[1m>[22m[39m
[90m 3 |[39m 
[36mimport[39m { 
cn } [36mfrom[39m 
[32m"@/lib/utils"[39
m
 [90m   |[39m [31m
[1m^[22m[39m[31m
[1m^[22m[39m[31m[
1m^[22m[39m[31m[1
m^[22m[39m[31m[1m
^[22m[39m[31m[1m^
[22m[39m[31m[1m^
[22m[39m[31m[1m^[
22m[39m[31m[1m^[2
2m[39m[31m[1m^[22
m[39m[31m[1m^[22m
[39m[31m[1m^[22m
[39m[31m[1m^[22m[
39m[31m[1m^[22m[3
9m[31m[1m^[22m[39
m[31m[1m^[22m[39m
[31m[1m^[22m[39m
[31m[1m^[22m[39m[
31m[1m^[22m[39m[3
1m[1m^[22m[39m[31
m[1m^[22m[39m[31m
[1m^[22m[39m[31m
[1m^[22m[39m[31m[
1m^[22m[39m[31m[1
m^[22m[39m[31m[1m
^[22m[39m[31m[1m^
[22m[39m[31m[1m^
[22m[39m[31m[1m^[
22m[39m[31m[1m^[2
2m[39m[31m[1m^[22
m[39m[31m[1m^[22m
[39m
 [90m 4 |[39m
 [90m 5 |[39m 
[36mfunction[39m 
[33mInput[39m({ 
className[33m,[39m 
type[33m,[39m 
[33m...[39mprops 
}[33m:[39m [33mRea
ct[39m[33m.[39m[3
3mComponentProps[39m
[33m<[39m[32m"inpu
t"[39m[33m>[39m) {
 [90m 6 |[39m   
[36mreturn[39m 
([0m

Import map: aliased 
to relative 
'./src/lib/utils' 
inside of [project]/


Import traces:
  Client Component 
Browser:
    ./src/components/
ui/input.tsx [Client 
Component Browser]
    ./src/app/admin/b
ookings/page.tsx 
[Client Component 
Browser]
    ./src/app/admin/b
ookings/page.tsx 
[Server Component]

  Client Component 
SSR:
    ./src/components/
ui/input.tsx [Client 
Component SSR]
    ./src/app/admin/b
ookings/page.tsx 
[Client Component 
SSR]
    ./src/app/admin/b
ookings/page.tsx 
[Server Component]

https://nextjs.org/do
cs/messages/module-no
t-found


./src/components/ui/l
abel.tsx:6:1
Module not found: 
Can't resolve 
'@/lib/utils'
[0m [90m 4 |[39m 
[36mimport[39m 
[33m*[39m 
[36mas[39m [33mLab
elPrimitive[39m 
[36mfrom[39m [32m"
@radix-ui/react-label
"[39m
 [90m 5 |[39m
[31m[1m>[22m[39m
[90m 6 |[39m 
[36mimport[39m { 
cn } [36mfrom[39m 
[32m"@/lib/utils"[39
m
 [90m   |[39m [31m
[1m^[22m[39m[31m
[1m^[22m[39m[31m[
1m^[22m[39m[31m[1
m^[22m[39m[31m[1m
^[22m[39m[31m[1m^
[22m[39m[31m[1m^
[22m[39m[31m[1m^[
22m[39m[31m[1m^[2
2m[39m[31m[1m^[22
m[39m[31m[1m^[22m
[39m[31m[1m^[22m
[39m[31m[1m^[22m[
39m[31m[1m^[22m[3
9m[31m[1m^[22m[39
m[31m[1m^[22m[39m
[31m[1m^[22m[39m
[31m[1m^[22m[39m[
31m[1m^[22m[39m[3
1m[1m^[22m[39m[31
m[1m^[22m[39m[31m
[1m^[22m[39m[31m
[1m^[22m[39m[31m[
1m^[22m[39m[31m[1
m^[22m[39m[31m[1m
^[22m[39m[31m[1m^
[22m[39m[31m[1m^
[22m[39m[31m[1m^[
22m[39m[31m[1m^[2
2m[39m[31m[1m^[22
m[39m[31m[1m^[22m
[39m
 [90m 7 |[39m
 [90m 8 |[39m 
[36mfunction[39m 
[33mLabel[39m({
 [90m 9 |[39m   cla
ssName[33m,[39m[0m

Import map: aliased 
to relative 
'./src/lib/utils' 
inside of [project]/


Import traces:
  Client Component 
Browser:
    ./src/components/
ui/label.tsx [Client 
Component Browser]
    ./src/app/admin/c
ategories/page.tsx 
[Client Component 
Browser]
    ./src/app/admin/c
ategories/page.tsx 
[Server Component]

  Client Component 
SSR:
    ./src/components/
ui/label.tsx [Client 
Component SSR]
    ./src/app/admin/c
ategories/page.tsx 
[Client Component 
SSR]
    ./src/app/admin/c
ategories/page.tsx 
[Server Component]

https://nextjs.org/do
cs/messages/module-no
t-found


./src/components/ui/s
elect.tsx:7:1
Module not found: 
Can't resolve 
'@/lib/utils'
[0m [90m  5 |[39m 
[36mimport[39m { [
33mCheckIcon[39m[33
m,[39m [33mChevronD
ownIcon[39m[33m,[3
9m [33mChevronUpIcon
[39m } 
[36mfrom[39m [32m"
lucide-react"[39m
 [90m  6 |[39m
[31m[1m>[22m[39m
[90m  7 |[39m 
[36mimport[39m { 
cn } [36mfrom[39m 
[32m"@/lib/utils"[39
m
 [90m    |[39m [31
m[1m^[22m[39m[31m
[1m^[22m[39m[31m
[1m^[22m[39m[31m[
1m^[22m[39m[31m[1
m^[22m[39m[31m[1m
^[22m[39m[31m[1m^
[22m[39m[31m[1m^
[22m[39m[31m[1m^[
22m[39m[31m[1m^[2
2m[39m[31m[1m^[22
m[39m[31m[1m^[22m
[39m[31m[1m^[22m
[39m[31m[1m^[22m[
39m[31m[1m^[22m[3
9m[31m[1m^[22m[39
m[31m[1m^[22m[39m
[31m[1m^[22m[39m
[31m[1m^[22m[39m[
31m[1m^[22m[39m[3
1m[1m^[22m[39m[31
m[1m^[22m[39m[31m
[1m^[22m[39m[31m
[1m^[22m[39m[31m[
1m^[22m[39m[31m[1
m^[22m[39m[31m[1m
^[22m[39m[31m[1m^
[22m[39m[31m[1m^
[22m[39m[31m[1m^[
22m[39m[31m[1m^[2
2m[39m[31m[1m^[22
m[39m
 [90m  8 |[39m
 [90m  9 |[39m 
[36mfunction[39m 
[33mSelect[39m({
 [90m 10 |[39m   [
33m...[39mprops[0m

Import map: aliased 
to relative 
'./src/lib/utils' 
inside of [project]/


Import traces:
  Client Component 
Browser:
    ./src/components/
ui/select.tsx 
[Client Component 
Browser]
    ./src/app/barber/
services/page.tsx 
[Client Component 
Browser]
    ./src/app/barber/
services/page.tsx 
[Server Component]

  Client Component 
SSR:
    ./src/components/
ui/select.tsx 
[Client Component 
SSR]
    ./src/app/barber/
services/page.tsx 
[Client Component 
SSR]
    ./src/app/barber/
services/page.tsx 
[Server Component]

https://nextjs.org/do
cs/messages/module-no
t-found


./src/components/ui/s
witch.tsx:6:1
Module not found: 
Can't resolve 
'@/lib/utils'
[0m [90m 4 |[39m 
[36mimport[39m 
[33m*[39m 
[36mas[39m [33mSwi
tchPrimitive[39m 
[36mfrom[39m [32m"
@radix-ui/react-switc
h"[39m
 [90m 5 |[39m
[31m[1m>[22m[39m
[90m 6 |[39m 
[36mimport[39m { 
cn } [36mfrom[39m 
[32m"@/lib/utils"[39
m
 [90m   |[39m [31m
[1m^[22m[39m[31m
[1m^[22m[39m[31m[
1m^[22m[39m[31m[1
m^[22m[39m[31m[1m
^[22m[39m[31m[1m^
[22m[39m[31m[1m^
[22m[39m[31m[1m^[
22m[39m[31m[1m^[2
2m[39m[31m[1m^[22
m[39m[31m[1m^[22m
[39m[31m[1m^[22m
[39m[31m[1m^[22m[
39m[31m[1m^[22m[3
9m[31m[1m^[22m[39
m[31m[1m^[22m[39m
[31m[1m^[22m[39m
[31m[1m^[22m[39m[
31m[1m^[22m[39m[3
1m[1m^[22m[39m[31
m[1m^[22m[39m[31m
[1m^[22m[39m[31m
[1m^[22m[39m[31m[
1m^[22m[39m[31m[1
m^[22m[39m[31m[1m
^[22m[39m[31m[1m^
[22m[39m[31m[1m^
[22m[39m[31m[1m^[
22m[39m[31m[1m^[2
2m[39m[31m[1m^[22
m[39m[31m[1m^[22m
[39m
 [90m 7 |[39m
 [90m 8 |[39m 
[36mfunction[39m 
[33mSwitch[39m({
 [90m 9 |[39m   cla
ssName[33m,[39m[0m

Import map: aliased 
to relative 
'./src/lib/utils' 
inside of [project]/


Import traces:
  Client Component 
Browser:
    ./src/components/
ui/switch.tsx 
[Client Component 
Browser]
    ./src/app/barber/
calendar/page.tsx 
[Client Component 
Browser]
    ./src/app/barber/
calendar/page.tsx 
[Server Component]

  Client Component 
SSR:
    ./src/components/
ui/switch.tsx 
[Client Component 
SSR]
    ./src/app/barber/
calendar/page.tsx 
[Client Component 
SSR]
    ./src/app/barber/
calendar/page.tsx 
[Server Component]

https://nextjs.org/do
cs/messages/module-no
t-found


./src/components/ui/t
extarea.tsx:3:1
Module not found: 
Can't resolve 
'@/lib/utils'
[0m [90m 1 |[39m 
[36mimport[39m 
[33m*[39m 
[36mas[39m 
[33mReact[39m 
[36mfrom[39m 
[32m"react"[39m
 [90m 2 |[39m
[31m[1m>[22m[39m
[90m 3 |[39m 
[36mimport[39m { 
cn } [36mfrom[39m 
[32m"@/lib/utils"[39
m
 [90m   |[39m [31m
[1m^[22m[39m[31m
[1m^[22m[39m[31m[
1m^[22m[39m[31m[1
m^[22m[39m[31m[1m
^[22m[39m[31m[1m^
[22m[39m[31m[1m^
[22m[39m[31m[1m^[
22m[39m[31m[1m^[2
2m[39m[31m[1m^[22
m[39m[31m[1m^[22m
[39m[31m[1m^[22m
[39m[31m[1m^[22m[
39m[31m[1m^[22m[3
9m[31m[1m^[22m[39
m[31m[1m^[22m[39m
[31m[1m^[22m[39m
[31m[1m^[22m[39m[
31m[1m^[22m[39m[3
1m[1m^[22m[39m[31
m[1m^[22m[39m[31m
[1m^[22m[39m[31m
[1m^[22m[39m[31m[
1m^[22m[39m[31m[1
m^[22m[39m[31m[1m
^[22m[39m[31m[1m^
[22m[39m[31m[1m^
[22m[39m[31m[1m^[
22m[39m[31m[1m^[2
2m[39m[31m[1m^[22
m[39m[31m[1m^[22m
[39m
 [90m 4 |[39m
 [90m 5 |[39m 
[36mfunction[39m 
[33mTextarea[39m({ 
className[33m,[39m 
[33m...[39mprops 
}[33m:[39m [33mRea
ct[39m[33m.[39m[3
3mComponentProps[39m
[33m<[39m[32m"text
area"[39m[33m>[39m
) {
 [90m 6 |[39m   
[36mreturn[39m 
([0m

Import map: aliased 
to relative 
'./src/lib/utils' 
inside of [project]/


Import traces:
  Client Component 
Browser:
    ./src/components/
ui/textarea.tsx 
[Client Component 
Browser]
    ./src/app/barber/
profile/page.tsx 
[Client Component 
Browser]
    ./src/app/barber/
profile/page.tsx 
[Server Component]

  Client Component 
SSR:
    ./src/components/
ui/textarea.tsx 
[Client Component 
SSR]
    ./src/app/barber/
profile/page.tsx 
[Client Component 
SSR]
    ./src/app/barber/
profile/page.tsx 
[Server Component]

https://nextjs.org/do
cs/messages/module-no
t-found


    at <unknown> (./s
rc/components/ui/badg
e.tsx:5:1)
    at <unknown> (htt
ps://nextjs.org/docs/
messages/module-not-f
ound)
    at <unknown> (./s
rc/components/ui/butt
on.tsx:5:1)
    at <unknown> (htt
ps://nextjs.org/docs/
messages/module-not-f
ound)
    at <unknown> (./s
rc/components/ui/cale
ndar.tsx:15:1)
    at <unknown> (htt
ps://nextjs.org/docs/
messages/module-not-f
ound)
    at <unknown> (./s
rc/components/ui/card
.tsx:3:1)
    at <unknown> (htt
ps://nextjs.org/docs/
messages/module-not-f
ound)
    at <unknown> (./s
rc/components/ui/dial
og.tsx:7:1)
    at <unknown> (htt
ps://nextjs.org/docs/
messages/module-not-f
ound)
    at <unknown> (./s
rc/components/ui/drop
down-menu.tsx:7:1)
    at <unknown> (htt
ps://nextjs.org/docs/
messages/module-not-f
ound)
    at <unknown> (./s
rc/components/ui/inpu
t.tsx:3:1)
    at <unknown> (htt
ps://nextjs.org/docs/
messages/module-not-f
ound)
    at <unknown> (./s
rc/components/ui/labe
l.tsx:6:1)
    at <unknown> (htt
ps://nextjs.org/docs/
messages/module-not-f
ound)
    at <unknown> (./s
rc/components/ui/sele
ct.tsx:7:1)
    at <unknown> (htt
ps://nextjs.org/docs/
messages/module-not-f
ound)
    at <unknown> (./s
rc/components/ui/swit
ch.tsx:6:1)
    at <unknown> (htt
ps://nextjs.org/docs/
messages/module-not-f
ound)
    at <unknown> (./s
rc/components/ui/text
area.tsx:3:1)
    at <unknown> (htt
ps://nextjs.org/docs/
messages/module-not-f
ound)
